vite v8.2.2 building client environment for production...
transforming...
✓ 4760 modules transformed.
rendering chunks...
computing gzip size...
out/review-source-check/index.html                               0.56 kB │ gzip:   0.36 kB
out/review-source-check/assets/xiaohongshu-CwpQmenZ.png          2.48 kB
out/review-source-check/assets/bilibili-B4f0lnyN.ico             4.28 kB
out/review-source-check/assets/douyin-FBAm5jUt.ico               4.28 kB
out/review-source-check/assets/zhihu-OfkkMzms.ico                4.28 kB
out/review-source-check/.vite/manifest.json                      6.86 kB │ gzip:   1.16 kB
out/review-source-check/assets/logo-B-T1ksKV.png               826.34 kB
out/review-source-check/assets/Platform-DHJI-W19.css             0.38 kB │ gzip:   0.21 kB
out/review-source-check/assets/Followups-BEcgu2i8.css            0.63 kB │ gzip:   0.29 kB
out/review-source-check/assets/Profile-DwpBIdIc.css              0.76 kB │ gzip:   0.38 kB
out/review-source-check/assets/Outreach-BdvfCDuK.css             1.99 kB │ gzip:   0.69 kB
out/review-source-check/assets/Workbench-BBPw0GCx.css            2.42 kB │ gzip:   0.79 kB
out/review-source-check/assets/PendingTaskStarts-BqiSuAXA.css    2.93 kB │ gzip:   0.95 kB
out/review-source-check/assets/Opportunities-DcLfveqg.css        3.61 kB │ gzip:   1.08 kB
out/review-source-check/assets/Tasks-D_VHXXEg.css                3.90 kB │ gzip:   1.20 kB
out/review-source-check/assets/TaskWizard-CxGVM_aT.css           5.08 kB │ gzip:   1.30 kB
out/review-source-check/assets/index-DeJZ6H3C.css               32.35 kB │ gzip:   7.35 kB
out/review-source-check/assets/ArrowRight.es-BnIK-6ld.js         1.53 kB │ gzip:   0.60 kB
out/review-source-check/assets/Plus.es-Bv3rIf4Z.js               1.54 kB │ gzip:   0.56 kB
out/review-source-check/assets/ArrowSquareOut.es-DoY32K07.js     2.34 kB │ gzip:   0.83 kB
out/review-source-check/assets/download-B-uQR4Il.js              2.46 kB │ gzip:   1.26 kB
out/review-source-check/assets/TermEditor-Be5k7uCh.js            2.60 kB │ gzip:   1.30 kB
out/review-source-check/assets/PendingTaskStarts-BOs3EvhG.js     3.25 kB │ gzip:   1.74 kB
out/review-source-check/assets/OutreachQueue-Dww0YzLZ.js         4.90 kB │ gzip:   2.33 kB
out/review-source-check/assets/Platform-BcU4Rw1C.js              6.56 kB │ gzip:   2.20 kB
out/review-source-check/assets/Login-CyVUb9QO.js                 8.77 kB │ gzip:   3.22 kB
out/review-source-check/assets/Connections-BHGdpGn-.js          18.31 kB │ gzip:   6.51 kB
out/review-source-check/assets/Workbench-DcWL1zol.js            21.37 kB │ gzip:   7.68 kB
out/review-source-check/assets/Settings-BGo_ybNP.js             22.07 kB │ gzip:   7.50 kB
out/review-source-check/assets/Followups-D6doS_ST.js            25.24 kB │ gzip:   8.19 kB
out/review-source-check/assets/operationLedger-C9jmaKSS.js      28.53 kB │ gzip:  10.17 kB
out/review-source-check/assets/Profile-_GvP00IG.js              39.88 kB │ gzip:  12.09 kB
out/review-source-check/assets/Outreach-BSls_14g.js             40.45 kB │ gzip:  12.82 kB
out/review-source-check/assets/TaskWizard-M2Y2JQIk.js           42.28 kB │ gzip:  12.66 kB
out/review-source-check/assets/Tasks-Bh9jwoTc.js                65.72 kB │ gzip:  19.62 kB
out/review-source-check/assets/Opportunities-6xZyeIJA.js        79.15 kB │ gzip:  23.69 kB
out/review-source-check/assets/index-BkYBPob_.js               355.10 kB │ gzip: 107.49 kB

✓ built in 168ms
{
  "modules": 4759,
  "uncommittedModuleReferences": 0,
  "forbidden": [
    "/domain/rawCandidates.ts",
    "/services/rawCandidates.ts",
    "/shared/rawCandidateRead.ts",
    "/tests/rawCandidateReads.test.ts"
  ]
}
