vite v8.2.2 building client environment for production...
transforming...
✓ 4788 modules transformed.
rendering chunks...
computing gzip size...
out/visual-production-check/index.html                               0.56 kB │ gzip:   0.36 kB
out/visual-production-check/assets/xiaohongshu-CwpQmenZ.png          2.48 kB
out/visual-production-check/assets/bilibili-B4f0lnyN.ico             4.28 kB
out/visual-production-check/assets/douyin-FBAm5jUt.ico               4.28 kB
out/visual-production-check/assets/zhihu-OfkkMzms.ico                4.28 kB
out/visual-production-check/.vite/manifest.json                      7.50 kB │ gzip:   1.23 kB
out/visual-production-check/assets/logo-B-T1ksKV.png               826.34 kB
out/visual-production-check/assets/Platform-DHJI-W19.css             0.38 kB │ gzip:   0.21 kB
out/visual-production-check/assets/Followups-BEcgu2i8.css            0.63 kB │ gzip:   0.29 kB
out/visual-production-check/assets/Profile-BQAZSynW.css              0.92 kB │ gzip:   0.43 kB
out/visual-production-check/assets/Outreach-BdvfCDuK.css             1.99 kB │ gzip:   0.69 kB
out/visual-production-check/assets/Workbench-BBPw0GCx.css            2.42 kB │ gzip:   0.79 kB
out/visual-production-check/assets/PendingTaskStarts-BqiSuAXA.css    2.93 kB │ gzip:   0.95 kB
out/visual-production-check/assets/Tasks-D_VHXXEg.css                3.90 kB │ gzip:   1.20 kB
out/visual-production-check/assets/TaskWizard-D7TM1lBJ.css           5.43 kB │ gzip:   1.39 kB
out/visual-production-check/assets/Opportunities-BrnTRP72.css        6.46 kB │ gzip:   1.68 kB
out/visual-production-check/assets/index-BHVrdGRX.css               33.39 kB │ gzip:   7.56 kB
out/visual-production-check/assets/useTaskScope-BQOfpVcB.js          0.39 kB │ gzip:   0.27 kB
out/visual-production-check/assets/ArrowRight.es-PPJn_kGy.js         1.53 kB │ gzip:   0.60 kB
out/visual-production-check/assets/Plus.es-CYGm2ZWp.js               1.54 kB │ gzip:   0.56 kB
out/visual-production-check/assets/ArrowSquareOut.es-BJBNpeI3.js     2.34 kB │ gzip:   0.83 kB
out/visual-production-check/assets/download-B-uQR4Il.js              2.46 kB │ gzip:   1.26 kB
out/visual-production-check/assets/TermEditor-DNLXE7AF.js            2.60 kB │ gzip:   1.31 kB
out/visual-production-check/assets/PendingTaskStarts-DO4tcQN5.js     2.98 kB │ gzip:   1.66 kB
out/visual-production-check/assets/OutreachQueue-CcHPTddG.js         4.92 kB │ gzip:   2.33 kB
out/visual-production-check/assets/Platform-DL09BZrd.js              6.56 kB │ gzip:   2.20 kB
out/visual-production-check/assets/taskDraft-gmFBPgtu.js             6.78 kB │ gzip:   3.08 kB
out/visual-production-check/assets/Login-CSI1lU3b.js                 8.78 kB │ gzip:   3.22 kB
out/visual-production-check/assets/Connections-DzpwLhEe.js          18.39 kB │ gzip:   6.55 kB
out/visual-production-check/assets/Workbench-sTprED_x.js            21.42 kB │ gzip:   7.70 kB
out/visual-production-check/assets/Settings-DmPawP56.js             22.18 kB │ gzip:   7.55 kB
out/visual-production-check/assets/Followups-BmXwunF5.js            33.63 kB │ gzip:  10.95 kB
out/visual-production-check/assets/operationLedger-_899Rd6J.js      34.44 kB │ gzip:  11.51 kB
out/visual-production-check/assets/Outreach-BbE9qvA5.js             40.92 kB │ gzip:  12.98 kB
out/visual-production-check/assets/Profile-DvFaA-X5.js              46.25 kB │ gzip:  14.14 kB
out/visual-production-check/assets/TaskWizard-DDFhM1Co.js           57.81 kB │ gzip:  16.84 kB
out/visual-production-check/assets/Tasks-CF1LwABH.js                66.36 kB │ gzip:  19.95 kB
out/visual-production-check/assets/Opportunities-c7Zy5rqV.js       113.29 kB │ gzip:  32.73 kB
out/visual-production-check/assets/index-Dmcb7AdZ.js               382.66 kB │ gzip: 115.54 kB

✓ built in 300ms
{
  "productionGraphModules": 4787,
  "manifestHarnessReferences": 0,
  "existingAsarChecked": true,
  "failures": []
}
