{
  "archive": "/tmp/yike-candidate-mac-release-0d17cf7/desktop/out/意客AI-darwin-arm64/意客AI.app/Contents/Resources/app.asar",
  "version": "0.2.0",
  "main": ".vite/build/main.cjs",
  "rendererAssetCount": 38,
  "archiveSha256": "750ea0f759c10a6786ba2544e05c01f49af945211d4622854f59e3c75901698e",
  "rendererHashes": {
    "index.html": "a11bb528ac5c04ffd6096639d53b5bd0829b3d6b4c1d9045770a04249ba6cc72",
    "assets/ArrowRight.es-PPJn_kGy.js": "c690517a891f9660ba88ff3c6634086fde07d812528b5c9ed1fd50433052a0a6",
    "assets/ArrowSquareOut.es-BJBNpeI3.js": "8d5bbbdcbb7f8b35fda9a6b671128db365ee2bd5575acbd80e609fe5f8cf0e18",
    "assets/PendingTaskStarts-BqiSuAXA.css": "5f39cd34d2b924261f06748eb2034c6e93e5b58747fdac1bd21476aa6bcc58ab",
    "assets/PendingTaskStarts-DO4tcQN5.js": "66ddc6ba3a17bea9f0192c66b861f25a18207a7f35ca9d937f3ae10b07bcaa00",
    "assets/Platform-DHJI-W19.css": "799e34322d6d86a2e7c1c266fd00dfd3c2d4df34dbdaea13c21408bce5b8d237",
    "assets/Platform-DL09BZrd.js": "ee850b05c970cdc25b8bcee31390e86e7749f517aeda37b50850bdba4b570e57",
    "assets/xiaohongshu-CwpQmenZ.png": "2912c4df1ab479d734ef132e9c45b4f17afa80b2aa3eaf4438acd54afc70b20a",
    "assets/douyin-FBAm5jUt.ico": "e67348e3ab54fa207e1ce4be78e8399d1b73a794d819a17d8656ea2b17a1109d",
    "assets/bilibili-B4f0lnyN.ico": "2681561eb24e7435fea1acf26f3af95e4efc9f7d451587b58bef62f030f337e9",
    "assets/zhihu-OfkkMzms.ico": "ca501e1d6c35f64b94d78bbabad986fe888d6aab08702a0083ba88076ad60f37",
    "assets/Plus.es-CYGm2ZWp.js": "7561cd5a4b3969158a09939f420929c8c5c426994415d27de66ae3aeb6defaa0",
    "assets/TermEditor-DNLXE7AF.js": "24d02b75a452ff18ac9fa7239473ae485b2029805e15eda0575437052b69c1e1",
    "assets/download-B-uQR4Il.js": "84173e7ed2ce3ce04d8ad08f61615dc957002d112a156ccfe73fcf86352cafb1",
    "assets/operationLedger-_899Rd6J.js": "bb37b54db1374a54e59a4e50a87c60f19419750ed003af8dbe9ccd4a66ee115b",
    "assets/taskDraft-gmFBPgtu.js": "84a396da7e6c9ecbb30e23e4791e128e2e9b4962eca63023e260d106fd59bd7b",
    "assets/useTaskScope-BQOfpVcB.js": "4c1559155b741c530b088ecad1c24fc0ef5c781f55db5e69d3c8e6281c32e6bf",
    "assets/logo-B-T1ksKV.png": "b4f4bade37c5806f618c243af90747b7596f2b248d739eaa3130378f1a4f7595",
    "assets/index-Dmcb7AdZ.js": "1cd0cee3bde1ee0d9396e9eda7adfc113a19208dc245a15047edcb829762eabd",
    "assets/index-BHVrdGRX.css": "a997b32d7add2b26062ce6cdf484bbd1653706a4204e7cfe200c49104f5b97e0",
    "assets/Connections-DzpwLhEe.js": "78937ae60366be4e8caaafc06c6b2f687b38ac2ab3f21fef5794460768012ce8",
    "assets/Followups-BmXwunF5.js": "eee42801b198a92af1f516d62f8c9c53bb68c817cbdc5f8edac8c4824d0543d9",
    "assets/Followups-BEcgu2i8.css": "13cff2b01f5ef277c4ed616a8792852d4f9406a4bf84876f8add30b65c06bdd2",
    "assets/Login-CSI1lU3b.js": "311a87ac39923da167a433ab05a3336764dd0f50bd23c0fc04323e9d1e8fb314",
    "assets/Opportunities-c7Zy5rqV.js": "cce87a7f1cac6029dcabfbda3f02a280a78f4158bbb93f21c0c06434ab8ebeca",
    "assets/Opportunities-BrnTRP72.css": "1adea969d892ab700ccae8d376c2075f8ac640499083f6f683e67ef17a71bfb7",
    "assets/Outreach-BbE9qvA5.js": "a553e273ee13afc318f62097cbf9665108d62f0c9a74d3281b44be6ad038e8dd",
    "assets/Outreach-BdvfCDuK.css": "526139ba52f75c49594bf2cc23f1583bf846b93936df1cbe142864e8c58b317a",
    "assets/OutreachQueue-CcHPTddG.js": "526ff8ec58a6e7756260e2b5cc34d33e6d14d54aa0a6f4e96148b3503ee6d854",
    "assets/Profile-DvFaA-X5.js": "e31ad61ff265b49104021f402c3f5724ce523ec1e23a602b408c4fccdd180f3b",
    "assets/Profile-BQAZSynW.css": "843f619904ff239bfabe87535dea20901d4dd9461d9b1a4696514370d754ff55",
    "assets/Settings-DmPawP56.js": "2606e1c5c8b49b755f8245b6b17bc09288d63f50f96afebe4789c064ac5d2251",
    "assets/TaskWizard-DDFhM1Co.js": "5407cd8858481204497ec3a2e83bb70a363d19cbed0f42d9ea00c4b41653eaf8",
    "assets/TaskWizard-D7TM1lBJ.css": "d03b6b23d487dbef3a915da0e567c836b84ac169593ecc3b2f645c10e327a613",
    "assets/Tasks-CF1LwABH.js": "308d55c8381e0d999a6e6bab3dd4ec9e1db83fe6eea7aea36828260821c2a1e2",
    "assets/Tasks-D_VHXXEg.css": "e25ef659745e2a3ebc0a411f96a8bca9386e4662bf21ad1e6c62d461cf15d388",
    "assets/Workbench-sTprED_x.js": "442b0fed1ac60310322c2c87bbfb8c10ba61b4e60c276ff9a45bbff2997941d8",
    "assets/Workbench-BBPw0GCx.css": "f4d255f7902c11054536d3bc2ecd3c19e767f64915c94d79acfce1a883aef6ba"
  },
  "verified": "Package structure and bytes only; does not prove installation or business readiness."
}
