vite v8.2.2 building client environment for production...
transforming...
✓ 4815 modules transformed.
rendering chunks...
computing gzip size...
out/visual-harness/index.html                               0.47 kB │ gzip:   0.33 kB
out/visual-harness/assets/bilibili-B4f0lnyN.ico             4.28 kB
out/visual-harness/assets/douyin-FBAm5jUt.ico               4.28 kB
out/visual-harness/assets/zhihu-OfkkMzms.ico                4.28 kB
out/visual-harness/.vite/manifest.json                      8.40 kB │ gzip:   1.23 kB
out/visual-harness/assets/logo-B-T1ksKV.png               826.34 kB
out/visual-harness/assets/Platform-DHJI-W19.css             0.38 kB │ gzip:   0.21 kB
out/visual-harness/assets/Followups-BEcgu2i8.css            0.63 kB │ gzip:   0.29 kB
out/visual-harness/assets/Profile-BQAZSynW.css              0.92 kB │ gzip:   0.43 kB
out/visual-harness/assets/Outreach-BdvfCDuK.css             1.99 kB │ gzip:   0.69 kB
out/visual-harness/assets/Workbench-BBPw0GCx.css            2.42 kB │ gzip:   0.79 kB
out/visual-harness/assets/PendingTaskStarts-BqiSuAXA.css    2.93 kB │ gzip:   0.95 kB
out/visual-harness/assets/Tasks-D_VHXXEg.css                3.90 kB │ gzip:   1.20 kB
out/visual-harness/assets/TaskWizard-D7TM1lBJ.css           5.43 kB │ gzip:   1.39 kB
out/visual-harness/assets/Opportunities-BrnTRP72.css        6.46 kB │ gzip:   1.68 kB
out/visual-harness/assets/index-CjajCOQB.css               34.02 kB │ gzip:   7.71 kB
out/visual-harness/assets/useTaskScope-6OxKbjjR.js          0.39 kB │ gzip:   0.27 kB
out/visual-harness/assets/ArrowRight.es-DPIAqU12.js         1.54 kB │ gzip:   0.60 kB
out/visual-harness/assets/Plus.es-BqeGBpLj.js               1.54 kB │ gzip:   0.56 kB
out/visual-harness/assets/download-C0kUvOSR.js              1.61 kB │ gzip:   0.89 kB
out/visual-harness/assets/ArrowSquareOut.es-CtuqpJze.js     2.35 kB │ gzip:   0.83 kB
out/visual-harness/assets/TermEditor-BI8Vk59D.js            2.59 kB │ gzip:   1.30 kB
out/visual-harness/assets/PendingTaskStarts-3CqjCtfg.js     3.01 kB │ gzip:   1.68 kB
out/visual-harness/assets/OutreachQueue-BAZXhAtI.js         4.91 kB │ gzip:   2.33 kB
out/visual-harness/assets/Login-C9-O130z.js                 8.82 kB │ gzip:   3.24 kB
out/visual-harness/assets/Platform-Bf0VXgmW.js              9.79 kB │ gzip:   4.62 kB
out/visual-harness/assets/Connections-B7CKAISJ.js          18.40 kB │ gzip:   6.54 kB
out/visual-harness/assets/operationLedger-DKDFUQeJ.js      19.81 kB │ gzip:   6.62 kB
out/visual-harness/assets/Settings-phkQlLcj.js             19.95 kB │ gzip:   6.57 kB
out/visual-harness/assets/Workbench-InyfJwwt.js            21.42 kB │ gzip:   7.70 kB
out/visual-harness/assets/Followups-Dabcn-zN.js            30.16 kB │ gzip:  10.01 kB
out/visual-harness/assets/Outreach-Cku5Rjep.js             35.39 kB │ gzip:  11.38 kB
out/visual-harness/assets/Profile-DEvox78V.js              42.55 kB │ gzip:  13.19 kB
out/visual-harness/assets/TaskWizard-DsaSxZQ2.js           57.84 kB │ gzip:  16.89 kB
out/visual-harness/assets/Tasks-B0U4lNpQ.js                60.35 kB │ gzip:  18.00 kB
out/visual-harness/assets/Opportunities-B3WVmuiU.js       107.21 kB │ gzip:  30.69 kB
out/visual-harness/assets/context-5wr5VhxS.js             152.14 kB │ gzip:  45.41 kB
out/visual-harness/assets/index-BWjzvxOi.js               359.46 kB │ gzip: 114.21 kB

✓ built in 184ms
