vite v8.2.2 building client environment for production...
transforming...
✓ 4796 modules transformed.
rendering chunks...
computing gzip size...
out/visual-harness/index.html                               0.45 kB │ gzip:   0.32 kB
out/visual-harness/assets/bilibili-B4f0lnyN.ico             4.28 kB
out/visual-harness/assets/douyin-FBAm5jUt.ico               4.28 kB
out/visual-harness/assets/zhihu-OfkkMzms.ico                4.28 kB
out/visual-harness/.vite/manifest.json                      8.09 kB │ gzip:   1.19 kB
out/visual-harness/assets/logo-B-T1ksKV.png               826.34 kB
out/visual-harness/assets/Platform-DHJI-W19.css             0.38 kB │ gzip:   0.21 kB
out/visual-harness/assets/Followups-BEcgu2i8.css            0.63 kB │ gzip:   0.29 kB
out/visual-harness/assets/Profile-DwpBIdIc.css              0.76 kB │ gzip:   0.38 kB
out/visual-harness/assets/Outreach-BdvfCDuK.css             1.99 kB │ gzip:   0.69 kB
out/visual-harness/assets/Workbench-BBPw0GCx.css            2.42 kB │ gzip:   0.79 kB
out/visual-harness/assets/PendingTaskStarts-BqiSuAXA.css    2.93 kB │ gzip:   0.95 kB
out/visual-harness/assets/Opportunities-DcLfveqg.css        3.61 kB │ gzip:   1.08 kB
out/visual-harness/assets/Tasks-D_VHXXEg.css                3.90 kB │ gzip:   1.20 kB
out/visual-harness/assets/TaskWizard-D7TM1lBJ.css           5.43 kB │ gzip:   1.39 kB
out/visual-harness/assets/index-D3pi6dz_.css               32.98 kB │ gzip:   7.50 kB
out/visual-harness/assets/ArrowRight.es-CGRtbIZc.js         1.54 kB │ gzip:   0.61 kB
out/visual-harness/assets/Plus.es-CbxTfJsz.js               1.54 kB │ gzip:   0.56 kB
out/visual-harness/assets/download-Cz8C2kXL.js              1.61 kB │ gzip:   0.89 kB
out/visual-harness/assets/ArrowSquareOut.es-xApDTU8q.js     2.35 kB │ gzip:   0.83 kB
out/visual-harness/assets/TermEditor-Dkux-xil.js            2.59 kB │ gzip:   1.28 kB
out/visual-harness/assets/PendingTaskStarts-DNyXLPc6.js     3.28 kB │ gzip:   1.76 kB
out/visual-harness/assets/OutreachQueue-DmKKQ8KK.js         4.92 kB │ gzip:   2.33 kB
out/visual-harness/assets/Login-DSZxHTDI.js                 8.81 kB │ gzip:   3.24 kB
out/visual-harness/assets/Platform-W94_kc3s.js              9.76 kB │ gzip:   4.61 kB
out/visual-harness/assets/operationLedger-qAjnw3dh.js      15.49 kB │ gzip:   5.41 kB
out/visual-harness/assets/Connections-D7KdUH_C.js          18.31 kB │ gzip:   6.51 kB
out/visual-harness/assets/Settings-CArxggUm.js             19.83 kB │ gzip:   6.51 kB
out/visual-harness/assets/Workbench-B7fY4nUq.js            21.42 kB │ gzip:   7.70 kB
out/visual-harness/assets/Followups-DW_EemgK.js            30.16 kB │ gzip:  10.02 kB
out/visual-harness/assets/Outreach-CQFvXU_C.js             35.35 kB │ gzip:  11.37 kB
out/visual-harness/assets/Profile-Dk7JAl4R.js              40.12 kB │ gzip:  12.36 kB
out/visual-harness/assets/TaskWizard-HUSVyFEw.js           57.75 kB │ gzip:  16.85 kB
out/visual-harness/assets/Tasks-Bnnn0VEo.js                59.99 kB │ gzip:  17.81 kB
out/visual-harness/assets/Opportunities-BHN81q4e.js        73.37 kB │ gzip:  21.92 kB
out/visual-harness/assets/context-BC_QppnN.js             130.76 kB │ gzip:  39.16 kB
out/visual-harness/assets/index-H6vbfmdn.js               347.66 kB │ gzip: 110.11 kB

✓ built in 161ms
