vite v8.2.2 building client environment for production...
transforming...
✓ 4773 modules transformed.
rendering chunks...
computing gzip size...
out/visual-production-check/index.html                               0.56 kB │ gzip:   0.36 kB
out/visual-production-check/assets/xiaohongshu-CwpQmenZ.png          2.48 kB
out/visual-production-check/assets/bilibili-B4f0lnyN.ico             4.28 kB
out/visual-production-check/assets/douyin-FBAm5jUt.ico               4.28 kB
out/visual-production-check/assets/zhihu-OfkkMzms.ico                4.28 kB
out/visual-production-check/.vite/manifest.json                      7.20 kB │ gzip:   1.20 kB
out/visual-production-check/assets/logo-B-T1ksKV.png               826.34 kB
out/visual-production-check/assets/Platform-DHJI-W19.css             0.38 kB │ gzip:   0.21 kB
out/visual-production-check/assets/Followups-BEcgu2i8.css            0.63 kB │ gzip:   0.29 kB
out/visual-production-check/assets/Profile-DwpBIdIc.css              0.76 kB │ gzip:   0.38 kB
out/visual-production-check/assets/Outreach-BdvfCDuK.css             1.99 kB │ gzip:   0.69 kB
out/visual-production-check/assets/Workbench-BBPw0GCx.css            2.42 kB │ gzip:   0.79 kB
out/visual-production-check/assets/PendingTaskStarts-BqiSuAXA.css    2.93 kB │ gzip:   0.95 kB
out/visual-production-check/assets/Opportunities-DcLfveqg.css        3.61 kB │ gzip:   1.08 kB
out/visual-production-check/assets/Tasks-D_VHXXEg.css                3.90 kB │ gzip:   1.20 kB
out/visual-production-check/assets/TaskWizard-D7TM1lBJ.css           5.43 kB │ gzip:   1.39 kB
out/visual-production-check/assets/index-DeJZ6H3C.css               32.35 kB │ gzip:   7.35 kB
out/visual-production-check/assets/ArrowRight.es-CQW3TjbQ.js         1.53 kB │ gzip:   0.60 kB
out/visual-production-check/assets/Plus.es-CBAlMme6.js               1.54 kB │ gzip:   0.56 kB
out/visual-production-check/assets/ArrowSquareOut.es-z5FfsDzm.js     2.34 kB │ gzip:   0.82 kB
out/visual-production-check/assets/download-B-uQR4Il.js              2.46 kB │ gzip:   1.26 kB
out/visual-production-check/assets/TermEditor-hJcNmj2n.js            2.60 kB │ gzip:   1.30 kB
out/visual-production-check/assets/PendingTaskStarts-D3IKWNBO.js     3.24 kB │ gzip:   1.74 kB
out/visual-production-check/assets/OutreachQueue-CjsrvfRb.js         4.92 kB │ gzip:   2.32 kB
out/visual-production-check/assets/Platform-dSyybaTS.js              6.56 kB │ gzip:   2.19 kB
out/visual-production-check/assets/taskDraft-876zFqol.js             6.78 kB │ gzip:   3.08 kB
out/visual-production-check/assets/Login-Cd4gvIRP.js                 8.77 kB │ gzip:   3.22 kB
out/visual-production-check/assets/Connections-Cj86i1F4.js          18.32 kB │ gzip:   6.51 kB
out/visual-production-check/assets/Workbench-UmQWedfA.js            21.41 kB │ gzip:   7.70 kB
out/visual-production-check/assets/Settings-Ix7f39GH.js             22.08 kB │ gzip:   7.49 kB
out/visual-production-check/assets/operationLedger-Dlfy5p3D.js      30.11 kB │ gzip:  10.30 kB
out/visual-production-check/assets/Followups-DauwtUFO.js            33.63 kB │ gzip:  10.95 kB
out/visual-production-check/assets/Outreach-6OT2mSqG.js             40.88 kB │ gzip:  12.94 kB
out/visual-production-check/assets/Profile-3TRxllpy.js              43.82 kB │ gzip:  13.33 kB
out/visual-production-check/assets/TaskWizard-CvjxDho8.js           57.73 kB │ gzip:  16.82 kB
out/visual-production-check/assets/Tasks-DGgm0r3-.js                65.99 kB │ gzip:  19.77 kB
out/visual-production-check/assets/Opportunities-DWvnrlKd.js        79.19 kB │ gzip:  23.71 kB
out/visual-production-check/assets/index-n4Ti5d5A.js               361.17 kB │ gzip: 109.31 kB

✓ built in 185ms
{
  "productionGraphModules": 4772,
  "manifestHarnessReferences": 0,
  "existingAsarChecked": true,
  "failures": []
}
