{
  "archive": "/tmp/yike-local-handoff-release-fcae33e/desktop/out/意客AI-darwin-arm64/意客AI.app/Contents/Resources/app.asar",
  "version": "0.2.0",
  "main": ".vite/build/main.cjs",
  "rendererAssetCount": 37,
  "archiveSha256": "6ef0d95e89d0f7f3653d3f21eb35d8884d60f876f2778b36857be723f80874e0",
  "rendererHashes": {
    "index.html": "680bddfc43291e3738816d3ff020478701af1d3b1476e78f7d9eeaca05e82901",
    "assets/ArrowRight.es-Bm8x4rWu.js": "614a16f378743c64ac0a27c2e9903e1998a3df6c0096d80271ba7b068ab6f191",
    "assets/ArrowSquareOut.es-BM8xA0a3.js": "62bf6a996f4c4d85f89d939a6bb98627bdf7bbf289423a54783792f9d2953229",
    "assets/PendingTaskStarts-BqiSuAXA.css": "5f39cd34d2b924261f06748eb2034c6e93e5b58747fdac1bd21476aa6bcc58ab",
    "assets/PendingTaskStarts-Chpw5oMb.js": "df5bcfee9fceac04312c104c132aa6dd9ded4d39b99cd01c46f3c79c7a146900",
    "assets/Platform-BEJYp1M3.js": "5e2eb48c468d7d174d731887176cde8ecdbf5da3066212c31225fe13397e9466",
    "assets/Platform-DHJI-W19.css": "799e34322d6d86a2e7c1c266fd00dfd3c2d4df34dbdaea13c21408bce5b8d237",
    "assets/xiaohongshu-CwpQmenZ.png": "2912c4df1ab479d734ef132e9c45b4f17afa80b2aa3eaf4438acd54afc70b20a",
    "assets/douyin-FBAm5jUt.ico": "e67348e3ab54fa207e1ce4be78e8399d1b73a794d819a17d8656ea2b17a1109d",
    "assets/bilibili-B4f0lnyN.ico": "2681561eb24e7435fea1acf26f3af95e4efc9f7d451587b58bef62f030f337e9",
    "assets/zhihu-OfkkMzms.ico": "ca501e1d6c35f64b94d78bbabad986fe888d6aab08702a0083ba88076ad60f37",
    "assets/Plus.es-tOOmT5Rl.js": "83bf2aa1c2b05b0c74203dc22905a3a192b30d65c409b5b63d3c84fabb8ab31a",
    "assets/TermEditor-BSH9-qRa.js": "54446e0f4974d78659e80336c5b7aac7eaea8fbe26e225ff84dc0e65d21c111a",
    "assets/download-B-uQR4Il.js": "84173e7ed2ce3ce04d8ad08f61615dc957002d112a156ccfe73fcf86352cafb1",
    "assets/operationLedger-mTQD5HWx.js": "ad8c19274207cedd27b85e24756827b52dafa53cc30095489908be0265d6735d",
    "assets/taskDraft-B9wcRL1O.js": "122868e3bef2caf7abc597ed253bc41166f99b5e8be5c97cd431a159462602e7",
    "assets/logo-B-T1ksKV.png": "b4f4bade37c5806f618c243af90747b7596f2b248d739eaa3130378f1a4f7595",
    "assets/index-BjQ-TC71.js": "7d72c2b5ff672552c9da554c5e14b4b189e0ce241fe33df8a62c4bee31fab473",
    "assets/index-BHVrdGRX.css": "a997b32d7add2b26062ce6cdf484bbd1653706a4204e7cfe200c49104f5b97e0",
    "assets/Connections-DITC9g1P.js": "478ccb463ba1a8ba18a86b7160f17aa065a62de3fde7cbcacf7c89cb7274963c",
    "assets/Followups-Bh-IMB_9.js": "231c07bcde5c77a0bb766aa5b605d7abc302e2809e5f22f32e4263b130db8ae1",
    "assets/Followups-BEcgu2i8.css": "13cff2b01f5ef277c4ed616a8792852d4f9406a4bf84876f8add30b65c06bdd2",
    "assets/Login-BX-Umr_B.js": "b136f76a7ae902dbd063315341c615c8d797d5375cb09a6d76100600e4388064",
    "assets/Opportunities-CAW96MgH.js": "5127bb93c2736260787b311177dde249432e40265ffd99552776d33c023926ac",
    "assets/Opportunities-DcLfveqg.css": "67d025e8b82bedb37cbe6a65a368743328f729e2f0c12c162e3691534ec41650",
    "assets/Outreach-CEj0dSux.js": "768a35d0bbc2bae51f281594131fd8a6863678fabd3aa2fd9e1ac664f046eb6c",
    "assets/Outreach-BdvfCDuK.css": "526139ba52f75c49594bf2cc23f1583bf846b93936df1cbe142864e8c58b317a",
    "assets/OutreachQueue-DJcoWLkV.js": "dd1d3c1c24558ad1927876968138856ddb0b4ab384c89f0e2df51a9c43425451",
    "assets/Profile-DKXTclos.js": "e6b97be44b18551be53074bfcc45b5c25e01789a9e2da9ad9c69829971443660",
    "assets/Profile-BQAZSynW.css": "843f619904ff239bfabe87535dea20901d4dd9461d9b1a4696514370d754ff55",
    "assets/Settings-DtEFiXRD.js": "de98e5e97344923f9515e3f6ddfff0f932b2e654ebbb9a01e479d9ba9450ddfc",
    "assets/TaskWizard-NmwZttvC.js": "23d165a0d05f90a6abfadde83151b783b0bf6da55d83aa1dab97f3afa3ad1e01",
    "assets/TaskWizard-D7TM1lBJ.css": "d03b6b23d487dbef3a915da0e567c836b84ac169593ecc3b2f645c10e327a613",
    "assets/Tasks-AiQ-kG8x.js": "704a90e8fcd78f6d715e6305625fcf7f7a76286c3bb77c2edd3038d433858b7d",
    "assets/Tasks-D_VHXXEg.css": "e25ef659745e2a3ebc0a411f96a8bca9386e4662bf21ad1e6c62d461cf15d388",
    "assets/Workbench-pzOqahD4.js": "e55749eb2d7c0438dcbc5f58985fc49a803d4b3d1e97cfa80777b3728d868b3a",
    "assets/Workbench-BBPw0GCx.css": "f4d255f7902c11054536d3bc2ecd3c19e767f64915c94d79acfce1a883aef6ba"
  },
  "verified": "Package structure and bytes only; does not prove installation or business readiness."
}
