vite v8.2.2 building client environment for production...
transforming...
✓ 4762 modules transformed.
rendering chunks...
computing gzip size...
out/visual-production-check/index.html                               0.56 kB │ gzip:   0.36 kB
out/visual-production-check/assets/xiaohongshu-CwpQmenZ.png          2.48 kB
out/visual-production-check/assets/bilibili-B4f0lnyN.ico             4.28 kB
out/visual-production-check/assets/douyin-FBAm5jUt.ico               4.28 kB
out/visual-production-check/assets/zhihu-OfkkMzms.ico                4.28 kB
out/visual-production-check/.vite/manifest.json                      7.17 kB │ gzip:   1.19 kB
out/visual-production-check/assets/logo-B-T1ksKV.png               826.34 kB
out/visual-production-check/assets/Platform-DHJI-W19.css             0.38 kB │ gzip:   0.21 kB
out/visual-production-check/assets/Followups-BEcgu2i8.css            0.63 kB │ gzip:   0.29 kB
out/visual-production-check/assets/Profile-DwpBIdIc.css              0.76 kB │ gzip:   0.38 kB
out/visual-production-check/assets/Outreach-BdvfCDuK.css             1.99 kB │ gzip:   0.69 kB
out/visual-production-check/assets/Workbench-BBPw0GCx.css            2.42 kB │ gzip:   0.79 kB
out/visual-production-check/assets/PendingTaskStarts-BqiSuAXA.css    2.93 kB │ gzip:   0.95 kB
out/visual-production-check/assets/Opportunities-DcLfveqg.css        3.61 kB │ gzip:   1.08 kB
out/visual-production-check/assets/Tasks-D_VHXXEg.css                3.90 kB │ gzip:   1.20 kB
out/visual-production-check/assets/TaskWizard-CxGVM_aT.css           5.08 kB │ gzip:   1.30 kB
out/visual-production-check/assets/index-DeJZ6H3C.css               32.35 kB │ gzip:   7.35 kB
out/visual-production-check/assets/ArrowRight.es-B-ietFkv.js         1.53 kB │ gzip:   0.60 kB
out/visual-production-check/assets/Plus.es-zuw7spoP.js               1.54 kB │ gzip:   0.56 kB
out/visual-production-check/assets/ArrowSquareOut.es-DVzAbU7W.js     2.34 kB │ gzip:   0.83 kB
out/visual-production-check/assets/download-B-uQR4Il.js              2.46 kB │ gzip:   1.26 kB
out/visual-production-check/assets/TermEditor-CCZl_HpA.js            2.60 kB │ gzip:   1.31 kB
out/visual-production-check/assets/PendingTaskStarts-ZzhtIV7J.js     3.25 kB │ gzip:   1.74 kB
out/visual-production-check/assets/OutreachQueue-B5n7ZxOx.js         4.91 kB │ gzip:   2.33 kB
out/visual-production-check/assets/Platform-DHAmlHie.js              6.56 kB │ gzip:   2.19 kB
out/visual-production-check/assets/taskDraft-2-_mN3vp.js             6.66 kB │ gzip:   3.03 kB
out/visual-production-check/assets/Login-Dm_vu5aT.js                 8.78 kB │ gzip:   3.22 kB
out/visual-production-check/assets/Connections-joLHUz_9.js          18.31 kB │ gzip:   6.51 kB
out/visual-production-check/assets/Workbench-BG498hAn.js            21.37 kB │ gzip:   7.67 kB
out/visual-production-check/assets/operationLedger-BsWj8Tdc.js      22.01 kB │ gzip:   8.15 kB
out/visual-production-check/assets/Settings-CggFr_zN.js             22.08 kB │ gzip:   7.50 kB
out/visual-production-check/assets/Followups-DHpWRsLN.js            25.23 kB │ gzip:   8.18 kB
out/visual-production-check/assets/Outreach-CfBWgfFC.js             40.88 kB │ gzip:  12.95 kB
out/visual-production-check/assets/TaskWizard-DTggeZRT.js           42.49 kB │ gzip:  12.71 kB
out/visual-production-check/assets/Profile-yeNlvJMB.js              43.82 kB │ gzip:  13.35 kB
out/visual-production-check/assets/Tasks-BGzfVo3p.js                65.77 kB │ gzip:  19.64 kB
out/visual-production-check/assets/Opportunities-B_exl1oO.js        79.18 kB │ gzip:  23.72 kB
out/visual-production-check/assets/index-B599M--N.js               355.43 kB │ gzip: 107.44 kB

✓ built in 185ms
{
  "productionGraphModules": 4761,
  "manifestHarnessReferences": 0,
  "existingAsarChecked": true,
  "failures": []
}
