vite v8.2.2 building client environment for production...
transforming...
✓ 4784 modules transformed.
rendering chunks...
computing gzip size...
out/visual-harness/index.html                               0.45 kB │ gzip:   0.32 kB
out/visual-harness/assets/bilibili-B4f0lnyN.ico             4.28 kB
out/visual-harness/assets/douyin-FBAm5jUt.ico               4.28 kB
out/visual-harness/assets/zhihu-OfkkMzms.ico                4.28 kB
out/visual-harness/.vite/manifest.json                      8.09 kB │ gzip:   1.19 kB
out/visual-harness/assets/logo-B-T1ksKV.png               826.34 kB
out/visual-harness/assets/Platform-DHJI-W19.css             0.38 kB │ gzip:   0.21 kB
out/visual-harness/assets/Followups-BEcgu2i8.css            0.63 kB │ gzip:   0.29 kB
out/visual-harness/assets/Profile-DwpBIdIc.css              0.76 kB │ gzip:   0.38 kB
out/visual-harness/assets/Outreach-BdvfCDuK.css             1.99 kB │ gzip:   0.69 kB
out/visual-harness/assets/Workbench-BBPw0GCx.css            2.42 kB │ gzip:   0.79 kB
out/visual-harness/assets/PendingTaskStarts-BqiSuAXA.css    2.93 kB │ gzip:   0.95 kB
out/visual-harness/assets/Opportunities-DcLfveqg.css        3.61 kB │ gzip:   1.08 kB
out/visual-harness/assets/Tasks-D_VHXXEg.css                3.90 kB │ gzip:   1.20 kB
out/visual-harness/assets/TaskWizard-CxGVM_aT.css           5.08 kB │ gzip:   1.30 kB
out/visual-harness/assets/index-D3pi6dz_.css               32.98 kB │ gzip:   7.50 kB
out/visual-harness/assets/ArrowRight.es-C7hhk4G2.js         1.54 kB │ gzip:   0.61 kB
out/visual-harness/assets/Plus.es-CO7tg7BB.js               1.54 kB │ gzip:   0.56 kB
out/visual-harness/assets/download-Cn0VZPvH.js              1.61 kB │ gzip:   0.89 kB
out/visual-harness/assets/ArrowSquareOut.es-Cz5eMkvP.js     2.34 kB │ gzip:   0.83 kB
out/visual-harness/assets/TermEditor-DDzJVS-S.js            2.59 kB │ gzip:   1.30 kB
out/visual-harness/assets/PendingTaskStarts-Civ3aOWT.js     3.28 kB │ gzip:   1.76 kB
out/visual-harness/assets/OutreachQueue-C7_zm7um.js         4.92 kB │ gzip:   2.33 kB
out/visual-harness/assets/operationLedger-jRZiOnM0.js       7.43 kB │ gzip:   3.06 kB
out/visual-harness/assets/Login-CSIp3Yjv.js                 8.81 kB │ gzip:   3.24 kB
out/visual-harness/assets/Platform-dhBk3-0C.js              9.76 kB │ gzip:   4.62 kB
out/visual-harness/assets/Connections-mJNLtO3W.js          18.31 kB │ gzip:   6.54 kB
out/visual-harness/assets/Settings-BJEKaGi7.js             19.83 kB │ gzip:   6.52 kB
out/visual-harness/assets/Workbench-NvofjwAe.js            21.37 kB │ gzip:   7.68 kB
out/visual-harness/assets/Followups-DucKHg9u.js            21.70 kB │ gzip:   7.18 kB
out/visual-harness/assets/Outreach-DeFJLByB.js             35.34 kB │ gzip:  11.37 kB
out/visual-harness/assets/Profile-WmC6E3fQ.js              40.11 kB │ gzip:  12.38 kB
out/visual-harness/assets/TaskWizard-Dr_XVa2k.js           42.51 kB │ gzip:  12.77 kB
out/visual-harness/assets/Tasks-C9tE5uFT.js                59.76 kB │ gzip:  17.71 kB
out/visual-harness/assets/Opportunities-DO92FgJT.js        73.37 kB │ gzip:  21.89 kB
out/visual-harness/assets/context-DvJgIS8E.js             125.08 kB │ gzip:  37.39 kB
out/visual-harness/assets/index-DRQIVxJo.js               344.35 kB │ gzip: 109.11 kB

✓ built in 182ms
