
 RUN  v4.1.11 /Users/bruce/Developer/work/yike-ai-product-design/desktop

 ❯ tests/ui/profile-materials.test.tsx (21 tests | 2 failed | 19 skipped) 120ms
     × 同用户切换空间立即关闭旧的已确认移除影响弹窗 93ms
     × 同用户切换空间后不提供旧空间原请求核对入口 26ms

⎯⎯⎯⎯⎯⎯⎯ Failed Tests 2 ⎯⎯⎯⎯⎯⎯⎯

 FAIL  tests/ui/profile-materials.test.tsx > P04 客户空间资料生命周期 > 同用户切换空间立即关闭旧的已确认移除影响弹窗
AssertionError: expected <div data-yike-dialog="true" …(5)>…(3)</div> to be null

- Expected:
null

+ Received:
<div
  aria-labelledby="_r_0_"
  aria-modal="true"
  class="modal modal-medium"
  data-yike-dialog="true"
  role="dialog"
  tabindex="-1"
>
  <header
    class="modal-header"
  >
    <h2
      id="_r_0_"
    >
      移除资料？
    </h2>
    <button
      aria-label="关闭移除资料？"
      class="icon-button"
    >
      <svg
        fill="currentColor"
        height="20"
        viewBox="0 0 256 256"
        width="20"
        xmlns="http://www.w3.org/2000/svg"
      >
        <path
          d="M205.66,194.34a8,8,0,0,1-11.32,11.32L128,139.31,61.66,205.66a8,8,0,0,1-11.32-11.32L116.69,128,50.34,61.66A8,8,0,0,1,61.66,50.34L128,116.69l66.34-66.35a8,8,0,0,1,11.32,11.32L139.31,128Z"
        />
      </svg>
    </button>
  </header>
  <div
    class="modal-body"
  >
    <p>
      TEST 资料
       · 资料版本 
      1
    </p>
    <p>
      当前引用此版本的内容：
    </p>
    <ul>
      <li>
        联系草稿
        ：
        TEST 待确认草稿
      </li>
    </ul>
    <div
      class="notice notice-info"
      role="status"
    >
      <svg
        aria-hidden="true"
        fill="currentColor"
        height="18"
        viewBox="0 0 256 256"
        width="18"
        xmlns="http://www.w3.org/2000/svg"
      >
        <path
          d="M128,24A104,104,0,1,0,232,128,104.11,104.11,0,0,0,128,24Zm0,192a88,88,0,1,1,88-88A88.1,88.1,0,0,1,128,216Zm16-40a8,8,0,0,1-8,8,16,16,0,0,1-16-16V128a8,8,0,0,1,0-16,16,16,0,0,1,16,16v40A8,8,0,0,1,144,176ZM112,84a12,12,0,1,1,12,12A12,12,0,0,1,112,84Z"
        />
      </svg>
      <div>
        停止后续引用，历史版本与审计记录保留。未发送草稿需重新核对，已发送内容不会撤回。
      </div>
    </div>
    <label
      class="checkbox-row"
    >
      <input
        type="checkbox"
      />
      已核对引用影响
    </label>
  </div>
  <footer
    class="modal-footer"
  >
    <button
      class="button button-secondary "
      type="button"
    >
      取消
    </button>
    <button
      class="button button-primary "
      type="button"
    >
      确认移除
    </button>
  </footer>
</div>

 ❯ tests/ui/profile-materials.test.tsx:162:61
    160|     context.session = { ...context.session, accountScope: { id: "TEST-…
    161|     view.rerender(<MaterialsWorkspace api={api} profile={profile} curr…
    162|     expect(screen.queryByRole("dialog", { name: "移除资料？" })).toBeNull();
       |                                                             ^
    163|     expect(api.mutate).not.toHaveBeenCalled();
    164|   });

⎯⎯⎯⎯⎯⎯⎯⎯⎯⎯⎯⎯⎯⎯⎯⎯⎯⎯⎯⎯⎯⎯⎯⎯[1/2]⎯

 FAIL  tests/ui/profile-materials.test.tsx > P04 客户空间资料生命周期 > 同用户切换空间后不提供旧空间原请求核对入口
AssertionError: expected <button type="button" …(1)></button> to be null

- Expected:
null

+ Received:
<button
  class="button button-secondary "
  type="button"
>
  核对原资料操作
</button>

 ❯ tests/ui/profile-materials.test.tsx:177:63
    175|     view.rerender(<MaterialsWorkspace api={api} profile={profile} curr…
    176|     await screen.findByText("TEST 资料");
    177|     expect(screen.queryByRole("button", { name: "核对原资料操作" })).toBeNull…
       |                                                               ^
    178|     expect(api.operation).not.toHaveBeenCalled();
    179|     expect(locks()).toHaveLength(1);

⎯⎯⎯⎯⎯⎯⎯⎯⎯⎯⎯⎯⎯⎯⎯⎯⎯⎯⎯⎯⎯⎯⎯⎯[2/2]⎯


 Test Files  1 failed (1)
      Tests  2 failed | 19 skipped (21)
   Start at  01:52:42
   Duration  1.11s (transform 68ms, setup 0ms, import 695ms, tests 120ms, environment 231ms)

