
 RUN  v4.1.11 /Users/bruce/Developer/work/yike-ai-product-design/desktop

--------xx

⎯⎯⎯⎯⎯⎯⎯ Failed Tests 2 ⎯⎯⎯⎯⎯⎯⎯

 FAIL  tests/ui/followup-scope.test.tsx > preserves a never-opened legacy session lock when Settings clears drafts first
TestingLibraryElementError: Unable to find an element with the display value: TEST-not-read-before-clear.

Ignored nodes: comments, script, style
[36m<body[39m
  [33mstyle[39m=[32m"overflow: hidden;"[39m
[36m>[39m
  [36m<div>[39m
    [36m<header[39m
      [33mclass[39m=[32m"page-heading"[39m
    [36m>[39m
      [36m<div>[39m
        [36m<h1[39m
          [33mtabindex[39m=[32m"-1"[39m
        [36m>[39m
          [0m跟进记录[0m
        [36m</h1>[39m
      [36m</div>[39m
    [36m</header>[39m
    [36m<div[39m
      [33mclass[39m=[32m"tabs"[39m
      [33mrole[39m=[32m"tablist"[39m
    [36m>[39m
      [36m<button[39m
        [33maria-selected[39m=[32m"true"[39m
        [33mclass[39m=[32m"active"[39m
        [33mrole[39m=[32m"tab"[39m
        [33mtabindex[39m=[32m"0"[39m
        [33mtype[39m=[32m"button"[39m
      [36m>[39m
        [0m待跟进[0m
      [36m</button>[39m
      [36m<button[39m
        [33maria-selected[39m=[32m"false"[39m
        [33mclass[39m=[32m""[39m
        [33mrole[39m=[32m"tab"[39m
        [33mtabindex[39m=[32m"-1"[39m
        [33mtype[39m=[32m"button"[39m
      [36m>[39m
        [0m回复记录[0m
      [36m</button>[39m
      [36m<button[39m
        [33maria-selected[39m=[32m"false"[39m
        [33mclass[39m=[32m""[39m
        [33mrole[39m=[32m"tab"[39m
        [33mtabindex[39m=[32m"-1"[39m
        [33mtype[39m=[32m"button"[39m
      [36m>[39m
        [0m全部[0m
      [36m</button>[39m
    [36m</div>[39m
    [36m<div[39m
      [33mclass[39m=[32m"followup-layout"[39m
    [36m>[39m
      [36m<section>[39m
        [36m<div[39m
          [33mclass[39m=[32m"filter-bar"[39m
        [36m>[39m
          [36m<div[39m
            [33maria-labelledby[39m=[32m"_r_0_"[39m
            [33mclass[39m=[32m"field "[39m
            [33mrole[39m=[32m"group"[39m
          [36m>[39m
            [36m<div[39m
              [33mclass[39m=[32m"field-label"[39m
              [33mid[39m=[32m"_r_0_"[39m
            [36m>[39m
              [0m负责人[0m
            [36m</div>[39m
            [36m<select[39m
              [33maria-label[39m=[32m"筛选负责人"[39m
            [36m>[39m
              [36m<option[39m
                [33mvalue[39m=[32m""[39m
              [36m>[39m
                [0m全部[0m
              [36m</option>[39m
              [36m<option[39m
                [33mvalue[39m=[32m"TEST-user"[39m
              [36m>[39m
                [0mTEST成员[0m
              [36m</option>[39m
            [36m</select>[39m
          [36m</div>[39m
          [36m<div[39m
            [33maria-labelledby[39m=[32m"_r_1_"[39m
            [33mclass[39m=[32m"field "[39m
            [33mrole[39m=[32m"group"[39m
          [36m>[39m
            [36m<div[39m
              [33mclass[39m=[32m"field-label"[39m
              [33mid[39m=[32m"_r_1_"[39m
            [36m>[39m
              [0m日期[0m
            [36m</div>[39m
            [36m<input[39m
              [33maria-label[39m=[32m"筛选记录日期"[39m
              [33mtype[39m=[32m"date"[39m
              [33mvalue[39m=[32m""[39m
            [36m/>[39m
          [36m</div>[39m
          [36m<div[39m
            [33mclass[39m=[32m"followup-filter-actions"[39m
          [36m>[39m
            [36m<button[39m
              [33mclass[39m=[32m"button button-secondary "[39m
              [33mtype[39m=[32m"button"[39m
            [36m>[39m
              [0m刷新[0m
            [36m</button>[39m
            [36m<button[39m
              [33mclass[39m=[32m"button button-primary "[39m
              [33mtype[39m=[32m"button"[39m
            [36m>[39m
              [36m<svg[39m
                [33mfill[39m=[32m"currentColor"[39m
                [33mheight[39m=[32m"1em"[39m
                [33mviewBox[39m=[32m"0 0 256 256"[39m
                [33mwidth[39m=[32m"1em"[39m
                [33mxmlns[39m=[32m"http://www.w3.org/2000/svg"[39m
              [36m>[39m
                [36m<path[39m
                  [33md[39m=[32m"M224,128a8,8,0,0,1-8,8H136v80a8,8,0,0,1-16,0V136H40a8,8,0,0,1,0-16h80V40a8,8,0,0,1,16,0v80h80A8,8,0,0,1,224,128Z"[39m
                [36m/>[39m
              [36m</svg>[39m
              [0m添加跟进[0m
            [36m</button>[39m
          [36m</div>[39m
        [36m</div>[39m
        [36m<div[39m
          [33mclass[39m=[32m"table-wrap"[39m
        [36m>[39m
          [36m<table[39m
            [33mclass[39m=[32m"data-table"[39m
          [36m>[39m
            [36m<thead>[39m
              [36m<tr>[39m
                [36m<th>[39m
                  [0m商机[0m
                [36m</th>[39m
                [36m<th>[39m
                  [0m最近联系[0m
                [36m</th>[39m
                [36m<th>[39m
                  [0m客户回复[0m
                [36m</th>[39m
                [36m<th>[39m
                  [0m下次跟进[0m
                [36m</th>[39m
                [36m<th>[39m
                  [0m负责人[0m
                [36m</th>[39m
              [36m</tr>[39m
            [36m</thead>[39m
            [36m<tbody>[39m
              [36m<tr[39m
                [33mclass[39m=[32m""[39m
              [36m>[39m
                [36m<td>[39m
                  [36m<button[39m
                    [33mclass[39m=[32m"button button-ghost "[39m
                    [33mtype[39m=[32m"button"[39m
                  [36m>[39m
                    [0mTEST空间A记录[0m
                  [36m</button>[39m
                  [36m<small>[39m
                    [0m已联系[0m
                  [36m</small>[39m
                [36m</td>[39m
                [36m<td>[39m
                  [36m<span>[39m
                    [0m未填写[0m
                  [36m</span>[39m
                  [36m<small>[39m
                    [0m登记 [0m
                    [0m2026/9/9 17:00:00[0m
                  [36m</small>[39m
                [36m</td>[39m
                [36m<td>[39m
                  [0m—[0m
                [36m</td>[39m
                [36m<td>[39m
                  [0m2030/1/1 17:00:00[0m
                [36m</td>[39m
                [36m<td>[39m
                  [0mTEST成员[0m
                [36m</td>[39m
              [36m</tr>[39m
            [36m</tbody>[39m
          [36m</table>[39m
        [36m</div>[39m
      [36m</section>[39m
      [36m<aside[39m
        [33mclass[39m=[32m"related-replies"[39m
      [36m>[39m
        [36m<div[39m
          [33mclass[39m=[32m"followup-selection"[39m
        [36m>[39m
          [36m<h2>[39m
            [0m关联回复[0m
          [36m</h2>[39m
          [36m<button[39m
            [33mclass[39m=[32m"button button-ghost "[39m
            [33mtype[39m=[32m"button"[39m
          [36m>[39m
            [0m刷新回复[0m
          [36m</button>[39m
        [36m</div>[39m
        [36m<div[39m
          [33mclass[39m=[32m"tabs"[39m
          [33mrole[39m=[32m"tablist"[39m
        [36m>[39m
          [36m<button[39m
            [33maria-selected[39m=[32m"true"[39m
            [33mclass[39m=[32m"active"[39m
            [33mrole[39m=[32m"tab"[39m
            [33mtabindex[39m=[32m"0"[39m
            [33mtype[39m=[32m"button"[39m
          [36m>[39m
            [0m通道回复[0m
          [36m</button>[39m
          [36m<button[39m
            [33maria-selected[39m=[32m"false"[39m
            [33mclass[39m=[32m""[39m
            [33mrole[39m=[32m"tab"[39m
            [33mtabindex[39m=[32m"-1"[39m
            [33mtype[39m=[32m"button"[39m
          [36m>[39m
            [0m人工登记[0m
          [36m</button>[39m
        [36m</div>[39m
        [36m<div[39m
          [33mclass[39m=[32m"empty-state"[39m
        [36m>[39m
          [36m<svg[39m
            [33maria-hidden[39m=[32m"true"[39m
            [33mclass[39m=[32m"empty-icon"[39m
            [33mfill[39m=[32m"currentColor"[39m
            [33mheight[39m=[32m"56"[39m
            [33mviewBox[39m=[32m"0 0 256 256"[39m
            [33mwidth[39m=[32m"56"[39m
            [33mxmlns[39m=[32m"http://www.w3.org/2000/svg"[39m
          [36m>[39m
            [36m<path[39m
              [33md[39m=[32m"M208,88H152V32Z"[39m
              [33mopacity[39m=[32m"0.2"[39m
            [36m/>[39m
            [36m<path[39m
              [33md[39m=[32m"M213.66,82.34l-56-56A8,8,0,0,0,152,24H56A16,16,0,0,0,40,40V216a16,16,0,0,0,16,16H200a16,16,0,0,0,16-16V88A8,8,0,0,0,213.66,82.34ZM160,51.31,188.69,80H160ZM200,216H56V40h88V88a8,8,0,0,0,8,8h48V216Zm-45.54-48.85a36.05,36.05,0,1,0-11.31,11.31l11.19,11.2a8,8,0,0,0,11.32-11.32ZM104,148a20,20,0,1,1,20,20A20,20,0,0,1,104,148Z"[39m
            [36m/>[39m
          [36m</svg>[39m
          [36m<h3>[39m
            [0m暂无未匹配回复[0m
          [36m</h3>[39m
          [36m<p>[39m
            [0m选择跟进记录查看关联回复。[0m
          [36m</p>[39m
        [36m</div>[39m
      [36m</aside>[39m
    [36m</div>[39m
    [36m<div[39m
      [33mclass[39m=[32m"modal-backdrop drawer-backdrop"[39m
    [36m>[39m
      [36m<div[39m
        [33maria-labelledby[39m=[32m"_r_2_"[39m
        [33maria-modal[39m=[32m"true"[39m
        [33mclass[39m=[32m"drawer modal-medium"[39m
        [33mdata-yike-dialog[39m=[32m"true"[39m
        [33mrole[39m=[32m"dialog"[39m
        [33mtabindex[39m=[32m"-1"[39m
      [36m>[39m
        [36m<header[39m
          [33mclass[39m=[32m"modal-header"[39m
        [36m>[39m
          [36m<h2[39m
            [33mid[39m=[32m"_r_2_"[39m
          [36m>[39m
            [0m添加跟进[0m
          [36m</h2>[39m
          [36m<button[39m
            [33maria-label[39m=[32m"关闭添加跟进"[39m
            [33mclass[39m=[32m"icon-button"[39m
          [36m>[39m
            [36m<svg[39m
              [33mfill[39m=[32m"currentColor"[39m
              [33mheight[39m=[32m"20"[39m
              [33mviewBox[39m=[32m"0 0 256 256"[39m
              [33mwidth[39m=[32m"20"[39m
              [33mxmlns[39m=[32m"http://www.w3.org/2000/svg"[39m
            [36m>[39m
              [36m<path[39m
                [33md[39m=[32m"M205.66,194.34a8,8,0,0,1-11.32,11.32L128,139.31,61.66,205.66a8,8,0,0,1-11.32-11.32L116.69,128,50.34,61.66A8,8,0,0,1,61.66,50.34L128,116.69l66.34-66.35a8,8,0,0,1,11.32,11.32L139.31,128Z"[39m
              [36m/>[39m
            [36m</svg>[39m
          [36m</button>[39m
        [36m</header>[39m
        [36m<div[39m
          [33mclass[39m=[32m"modal-body"[39m
        [36m>[39m
          [36m<fieldset[39m
            [33mclass[39m=[32m"followup-fields"[39m
          [36m>[39m
            [36m<div[39m
              [33maria-labelledby[39m=[32m"_r_3_"[39m
              [33mclass[39m=[32m"field "[39m
              [33mrole[39m=[32m"group"[39m
            [36m>[39m
              [36m<div[39m
                [33mclass[39m=[32m"field-label"[39m
                [33mid[39m=[32m"_r_3_"[39m
              [36m>[39m
                [0m关联商机[0m
                [36m<span[39m
                  [33mclass[39m=[32m"required"[39m
                [36m>[39m
                  [0m *[0m
                [36m</span>[39m
              [36m</div>[39m
              [36m<select[39m
                [33maria-label[39m=[32m"关联商机"[39m
              [36m>[39m
                [36m<option[39m
                  [33mvalue[39m=[32m""[39m
                [36m>[39m
                  [0m请选择已入库商机[0m
                [36m</option>[39m
                [36m<option[39m
                  [33mvalue[39m=[32m"TEST-opp"[39m
                [36m>[39m
                  [0mTEST商机[0m
                [36m</option>[39m
              [36m</select>[39m
            [36m</div>[39m
            [36m<div[39m
              [33maria-labelledby[39m=[32m"_r_4_"[39m
              [33mclass[39m=[32m"field "[39m
              [33mrole[39m=[32m"group"[39m
            [36m>[39m
              [36m<div[39m
                [33mclass[39m=[32m"field-label"[39m
                [33mid[39m=[32m"_r_4_"[39m
              [36m>[39m
                [0m跟进类型[0m
              [36m</div>[39m
              [36m<input[39m
                [33maria-label[39m=[32m"跟进类型"[39m
                [33mreadonly[39m=[32m""[39m
                [33mvalue[39m=[32m"人工登记"[39m
              [36m/>[39m
            [36m</div>[39m
            [36m<div[39m
              [33maria-labelledby[39m=[32m"_r_5_"[39m
              [33mclass[39m=[32m"field "[39m
              [33mrole[39m=[32m"group"[39m
            [36m>[39m
              [36m<div[39m
                [33mclass[39m=[32m"field-label"[39m
                [33mid[39m=[32m"_r_5_"[39m
              [36m>[39m
                [0m事实类型[0m
                [36m<span[39m
                  [33mclass[39m=[32m"required"[39m
                [36m>[39m
                  [0m *[0m
                [36m</span>[39m
              [36m</div>[39m
              [36m<div[39m
                [33mclass[39m=[32m"radio-group"[39m
              [36m>[39m
                [36m<label>[39m
                  [36m<input[39m
                    [33mname[39m=[32m"followup-status"[39m
                    [33mtype[39m=[32m"radio"[39m
                  [36m/>[39m
                  [0m已联系[0m
                [36m</label>[39m
                [36m<label>[39m
                  [36m<input[39m
                    [33mname[39m=[32m"followup-status"[39m
                    [33mtype[39m=[32m"radio"[39m
                  [36m/>[39m
                  [0m已回复[0m
                [36m</label>[39m
                [36m<label>[39m
                  [36m<input[39m
                    [33mname[39m=[32m"followup-status"[39m
                    [33mtype[39m=[32m"radio"[39m
                  [36m/>[39m
                  [0m已约谈[0m
                [36m</label>[39m
                [36m<label>[39m
                  [36m<input[39m
                    [33mname[39m=[32m"followup-status"[39m
                    [33mtype[39m=[32m"radio"[39m
                  [36m/>[39m
                  [0m已报价[0m
                [36m</label>[39m
              [36m</div>[39m
            [36m</div>[39m
            [36m<div[39m
              [33maria-labelledby[39m=[32m"_r_6_"[39m
              [33mclass[39m=[32m"field "[39m
              [33mrole[39m=[32m"group"[39m
            [36m>[39m
              [36m<div[39m
                [33mclass[39m=[32m"field-label"[39m
                [33mid[39m=[32m"_r_6_"[39m
              [36m>[39m
                [0m联系时间[0m
              [36m</div>[39m
              [36m<input[39m
                [33maria-label[39m=[32m"联系时间"[39m
                [33mtype[39m=[32m"datetime-local"[39m
                [33mvalue[39m=[32m""[39m
              [36m/>[39m
            [36m</div>[39m
            [36m<div[39m
              [33maria-labelledby[39m=[32m"_r_7_"[39m
              [33mclass[39m=[32m"field "[39m
              [33mrole[39m=[32m"group"[39m
            [36m>[39m
              [36m<div[39m
                [33mclass[39m=[32m"field-label"[39m
                [33mid[39m=[32m"_r_7_"[39m
              [36m>[39m
                [0m备注[0m
                [36m<span[39m
                  [33mclass[39m=[32m"required"[39m
                [36m>[39m
                  [0m *[0m
                [36m</span>[39m
              [36m</div>[39m
              [36m<textarea[39m
                [33maria-label[39m=[32m"跟进备注"[39m
                [33mmaxlength[39m=[32m"500"[39m
                [33mplaceholder[39m=[32m"记录实际沟通内容"[39m
                [33mrows[39m=[32m"4"[39m
              [36m>[39m
                [0mTEST空间A未保存正文[0m
              [36m</textarea>[39m
              [36m<span[39m
                [33mclass[39m=[32m"character-count"[39m
              [36m>[39m
                [0m12[0m
                [0m/500[0m
              [36m</span>[39m
            [36m</div>[39m
            [36m<div[39m
              [33maria-labelledby[39m=[32m"_r_8_"[39m
              [33mclass[39m=[32m"field "[39m
              [33mrole[39m=[32m"group"[39m
            [36m>[39m
              [36m<div[39m
                [33mclass[39m=[32m"field-label"[39m
                [33mid[39m=[32m"_r_8_"[39m
              [36m>[39m
                [0m下一步[0m
              [36m</div>[39m
              [36m<textarea[39m
                [33maria-label[39m=[32m"下一步"[39m
                [33mmaxlength[39m=[32m"500"[39m
                [33mplaceholder[39m=[32m"输入下一步计划或待办事项"[39m
                [33mrows[39m=[32m"2"[39m
              [36m/>[39m
              [36m<span[39m
                [33mclass[39m=[32m"character-count"[39m
              [36m>[39m
                [0m0[0m
                [0m/500[0m
              [36m</span>[39m
            [36m</div>[39m
            [36m<div[39m
              [33maria-labelledby[39m=[32m"_r_9_"[39m
              [33mclass[39m=[32m"field "[39m
              [33mrole[39m=[32m"group"[39m
            [36m>[39m
              [36m<div[39m
                [33mclass[39m=[32m"field-label"[39m
                [33mid[39m=[32m"_r_9_"[39m
              [36m>[39m
                [0m下次跟进[0m
              [36m</div>[39m
              [36m<input[39m
                [33maria-label[39m=[32m"下次跟进"[39m
                [33mtype[39m=[32m"date"[39m
                [33mvalue[39m=[32m""[39m
              [36m/>[39m
            [36m</div>[39m
            [36m<div[39m
              [33maria-labelledby[39m=[32m"_r_a_"[39m
              [33mclass[39m=[32m"field "[39m
              [33mrole[39m=[32m"group"[39m
            [36m>[39m
              [36m<div[39m
                [33mclass[39m=[32m"field-label"[39m
                [33mid[39m=[32m"_r_a_"[39m
              [36m>[39m
                [0m负责人[0m
              [36m</div>[39m
              [36m<select[39m
                [33maria-label[39m=[32m"负责人"[39m
              [36m>[39m
                [36m<option[39m
                  [33mvalue[39m=[32m""[39m
                [36m>[39m
                  [0m请选择负责人[0m
                [36m</option>[39m
                [36m<option[39m
                  [33mvalue[39m=[32m"TEST-user"[39m
                [36m>[39m
                  [0mTEST成员[0m
                [36m</option>[39m
              [36m</select>[39m
            [36m</div>[39m
          [36m</fieldset>[39m
          [36m<div[39m
            [33mclass[39m=[32m"notice notice-info"[39m
            [33mrole[39m=[32m"status"[39m
          [36m>[39m
            [36m<svg[39m
              [33maria-hidden[39m=[32m"true"[39m
              [33mfill[39m=[32m"currentColor"[39m
              [33mheight[39m=[32m"18"[39m
              [33mviewBox[39m=[32m"0 0 256 256"[39m
              [33mwidth[39m=[32m"18"[39m
              [33mxmlns[39m=[32m"http://www.w3.org/2000/svg"[39m
            [36m>[39m
              [36m<path[39m
                [33md[39m=[32m"M128,24A104,104,0,1,0,232,128,104.11,104.11,0,0,0,128,24Zm0,192a88,88,0,1,1,88-88A88.1,88.1,0,0,1,128,216Zm16-40a8,8,0,0,1-8,8,16,16,0,0,1-16-16V128a8,8,0,0,1,0-16,16,16,0,0,1,16,16v40A8,8,0,0,1,144,176ZM112,84a12,12,0,1,1,12,12A12,12,0,0,1,112,84Z"[39m
              [36m/>[39m
            [36m</svg>[39m
            [36m<div>[39m
              [0m人工登记与通道回复分开，原登记不会因纠正被抹除。[0m
            [36m</div>[39m
          [36m</div>[39m
        [36m</div>[39m
        [36m<footer[39m
          [33mclass[39m=[32m"modal-footer"[39m
        [36m>[39m
          [36m<button[39m
            [33mclass[39m=[32m"button button-secondary "[39m
            [33mtype[39m=[32m"button"[39m
          [36m>[39m
            [0m取消[0m
          [36m</button>[39m
          [36m<button[39m
            [33mclass[39m=[32m"button button-primary "[39m
            [33mtype[39m=[32m"button"[39m
          [36m>[39m
            [0m保存记录[0m
          [36m</button>[39m
        [36m</footer>[39m
      [36m</div>[39m
    [36m</div>[39m
  [36m</div>[39m
[36m</body>[39m
 ❯ Object.getElementError node_modules/@testing-library/dom/dist/config.js:37:19
 ❯ node_modules/@testing-library/dom/dist/query-helpers.js:76:38
 ❯ node_modules/@testing-library/dom/dist/query-helpers.js:52:17
 ❯ node_modules/@testing-library/dom/dist/query-helpers.js:95:19
 ❯ tests/ui/followup-scope.test.tsx:281:17
    279|   clearLocalDrafts();
    280|   render(<FollowupsPage/>);await fill();
    281|   expect(screen.getByDisplayValue(binding.requestId)).toBeTruthy();
       |                 ^
    282|   expect((screen.getByRole('button',{name:'保存记录'}) as HTMLButtonElemen…
    283|   expect(context.service.followup!.mutate).not.toHaveBeenCalled();

⎯⎯⎯⎯⎯⎯⎯⎯⎯⎯⎯⎯⎯⎯⎯⎯⎯⎯⎯⎯⎯⎯⎯⎯[1/2]⎯

 FAIL  tests/ui/followup-scope.test.tsx > keeps the original durable lock when a successful recovery cannot persist its draft acknowledgement
TestingLibraryElementError: Unable to find role="button" and name "核对原跟进操作"

Ignored nodes: comments, script, style
[36m<body[39m
  [33mstyle[39m=[32m""[39m
[36m>[39m
  [36m<div>[39m
    [36m<header[39m
      [33mclass[39m=[32m"page-heading"[39m
    [36m>[39m
      [36m<div>[39m
        [36m<h1[39m
          [33mtabindex[39m=[32m"-1"[39m
        [36m>[39m
          [0m跟进记录[0m
        [36m</h1>[39m
      [36m</div>[39m
    [36m</header>[39m
    [36m<div[39m
      [33mclass[39m=[32m"tabs"[39m
      [33mrole[39m=[32m"tablist"[39m
    [36m>[39m
      [36m<button[39m
        [33maria-selected[39m=[32m"true"[39m
        [33mclass[39m=[32m"active"[39m
        [33mrole[39m=[32m"tab"[39m
        [33mtabindex[39m=[32m"0"[39m
        [33mtype[39m=[32m"button"[39m
      [36m>[39m
        [0m待跟进[0m
      [36m</button>[39m
      [36m<button[39m
        [33maria-selected[39m=[32m"false"[39m
        [33mclass[39m=[32m""[39m
        [33mrole[39m=[32m"tab"[39m
        [33mtabindex[39m=[32m"-1"[39m
        [33mtype[39m=[32m"button"[39m
      [36m>[39m
        [0m回复记录[0m
      [36m</button>[39m
      [36m<button[39m
        [33maria-selected[39m=[32m"false"[39m
        [33mclass[39m=[32m""[39m
        [33mrole[39m=[32m"tab"[39m
        [33mtabindex[39m=[32m"-1"[39m
        [33mtype[39m=[32m"button"[39m
      [36m>[39m
        [0m全部[0m
      [36m</button>[39m
    [36m</div>[39m
    [36m<div[39m
      [33mclass[39m=[32m"followup-layout"[39m
    [36m>[39m
      [36m<section>[39m
        [36m<div[39m
          [33mclass[39m=[32m"filter-bar"[39m
        [36m>[39m
          [36m<div[39m
            [33maria-labelledby[39m=[32m"_r_b_"[39m
            [33mclass[39m=[32m"field "[39m
            [33mrole[39m=[32m"group"[39m
          [36m>[39m
            [36m<div[39m
              [33mclass[39m=[32m"field-label"[39m
              [33mid[39m=[32m"_r_b_"[39m
            [36m>[39m
              [0m负责人[0m
            [36m</div>[39m
            [36m<select[39m
              [33maria-label[39m=[32m"筛选负责人"[39m
            [36m>[39m
              [36m<option[39m
                [33mvalue[39m=[32m""[39m
              [36m>[39m
                [0m全部[0m
              [36m</option>[39m
              [36m<option[39m
                [33mvalue[39m=[32m"TEST-user"[39m
              [36m>[39m
                [0mTEST成员[0m
              [36m</option>[39m
            [36m</select>[39m
          [36m</div>[39m
          [36m<div[39m
            [33maria-labelledby[39m=[32m"_r_c_"[39m
            [33mclass[39m=[32m"field "[39m
            [33mrole[39m=[32m"group"[39m
          [36m>[39m
            [36m<div[39m
              [33mclass[39m=[32m"field-label"[39m
              [33mid[39m=[32m"_r_c_"[39m
            [36m>[39m
              [0m日期[0m
            [36m</div>[39m
            [36m<input[39m
              [33maria-label[39m=[32m"筛选记录日期"[39m
              [33mtype[39m=[32m"date"[39m
              [33mvalue[39m=[32m""[39m
            [36m/>[39m
          [36m</div>[39m
          [36m<div[39m
            [33mclass[39m=[32m"followup-filter-actions"[39m
          [36m>[39m
            [36m<button[39m
              [33mclass[39m=[32m"button button-secondary "[39m
              [33mtype[39m=[32m"button"[39m
            [36m>[39m
              [0m刷新[0m
            [36m</button>[39m
            [36m<button[39m
              [33mclass[39m=[32m"button button-primary "[39m
              [33mtype[39m=[32m"button"[39m
            [36m>[39m
              [36m<svg[39m
                [33mfill[39m=[32m"currentColor"[39m
                [33mheight[39m=[32m"1em"[39m
                [33mviewBox[39m=[32m"0 0 256 256"[39m
                [33mwidth[39m=[32m"1em"[39m
                [33mxmlns[39m=[32m"http://www.w3.org/2000/svg"[39m
              [36m>[39m
                [36m<path[39m
                  [33md[39m=[32m"M224,128a8,8,0,0,1-8,8H136v80a8,8,0,0,1-16,0V136H40a8,8,0,0,1,0-16h80V40a8,8,0,0,1,16,0v80h80A8,8,0,0,1,224,128Z"[39m
                [36m/>[39m
              [36m</svg>[39m
              [0m添加跟进[0m
            [36m</button>[39m
          [36m</div>[39m
        [36m</div>[39m
        [36m<div[39m
          [33mclass[39m=[32m"table-wrap"[39m
        [36m>[39m
          [36m<table[39m
            [33mclass[39m=[32m"data-table"[39m
          [36m>[39m
            [36m<thead>[39m
              [36m<tr>[39m
                [36m<th>[39m
                  [0m商机[0m
                [36m</th>[39m
                [36m<th>[39m
                  [0m最近联系[0m
                [36m</th>[39m
                [36m<th>[39m
                  [0m客户回复[0m
                [36m</th>[39m
                [36m<th>[39m
                  [0m下次跟进[0m
                [36m</th>[39m
                [36m<th>[39m
                  [0m负责人[0m
                [36m</th>[39m
              [36m</tr>[39m
            [36m</thead>[39m
            [36m<tbody>[39m
              [36m<tr[39m
                [33mclass[39m=[32m""[39m
              [36m>[39m
                [36m<td>[39m
                  [36m<button[39m
                    [33mclass[39m=[32m"button button-ghost "[39m
                    [33mtype[39m=[32m"button"[39m
                  [36m>[39m
                    [0mTEST空间A记录[0m
                  [36m</button>[39m
                  [36m<small>[39m
                    [0m已联系[0m
                  [36m</small>[39m
                [36m</td>[39m
                [36m<td>[39m
                  [36m<span>[39m
                    [0m未填写[0m
                  [36m</span>[39m
                  [36m<small>[39m
                    [0m登记 [0m
                    [0m2026/9/9 17:00:00[0m
                  [36m</small>[39m
                [36m</td>[39m
                [36m<td>[39m
                  [0m—[0m
                [36m</td>[39m
                [36m<td>[39m
                  [0m2030/1/1 17:00:00[0m
                [36m</td>[39m
                [36m<td>[39m
                  [0mTEST成员[0m
                [36m</td>[39m
              [36m</tr>[39m
            [36m</tbody>[39m
          [36m</table>[39m
        [36m</div>[39m
      [36m</section>[39m
      [36m<aside[39m
        [33mclass[39m=[32m"related-replies"[39m
      [36m>[39m
        [36m<div[39m
          [33mclass[39m=[32m"followup-selection"[39m
        [36m>[39m
          [36m<h2>[39m
            [0m关联回复[0m
          [36m</h2>[39m
          [36m<button[39m
            [33mclass[39m=[32m"button button-ghost "[39m
            [33mtype[39m=[32m"button"[39m
          [36m>[39m
            [0m刷新回复[0m
          [36m</button>[39m
        [36m</div>[39m
        [36m<div[39m
          [33mclass[39m=[32m"tabs"[39m
          [33mrole[39m=[32m"tablist"[39m
        [36m>[39m
          [36m<button[39m
            [33maria-selected[39m=[32m"true"[39m
            [33mclass[39m=[32m"active"[39m
            [33mrole[39m=[32m"tab"[39m
            [33mtabindex[39m=[32m"0"[39m
            [33mtype[39m=[32m"button"[39m
          [36m>[39m
            [0m通道回复[0m
          [36m</button>[39m
          [36m<button[39m
            [33maria-selected[39m=[32m"false"[39m
            [33mclass[39m=[32m""[39m
            [33mrole[39m=[32m"tab"[39m
            [33mtabindex[39m=[32m"-1"[39m
            [33mtype[39m=[32m"button"[39m
          [36m>[39m
            [0m人工登记[0m
          [36m</button>[39m
        [36m</div>[39m
        [36m<div[39m
          [33mclass[39m=[32m"empty-state"[39m
        [36m>[39m
          [36m<svg[39m
            [33maria-hidden[39m=[32m"true"[39m
            [33mclass[39m=[32m"empty-icon"[39m
            [33mfill[39m=[32m"currentColor"[39m
            [33mheight[39m=[32m"56"[39m
            [33mviewBox[39m=[32m"0 0 256 256"[39m
            [33mwidth[39m=[32m"56"[39m
            [33mxmlns[39m=[32m"http://www.w3.org/2000/svg"[39m
          [36m>[39m
            [36m<path[39m
              [33md[39m=[32m"M208,88H152V32Z"[39m
              [33mopacity[39m=[32m"0.2"[39m
            [36m/>[39m
            [36m<path[39m
              [33md[39m=[32m"M213.66,82.34l-56-56A8,8,0,0,0,152,24H56A16,16,0,0,0,40,40V216a16,16,0,0,0,16,16H200a16,16,0,0,0,16-16V88A8,8,0,0,0,213.66,82.34ZM160,51.31,188.69,80H160ZM200,216H56V40h88V88a8,8,0,0,0,8,8h48V216Zm-45.54-48.85a36.05,36.05,0,1,0-11.31,11.31l11.19,11.2a8,8,0,0,0,11.32-11.32ZM104,148a20,20,0,1,1,20,20A20,20,0,0,1,104,148Z"[39m
            [36m/>[39m
          [36m</svg>[39m
          [36m<h3>[39m
            [0m暂无未匹配回复[0m
          [36m</h3>[39m
          [36m<p>[39m
            [0m选择跟进记录查看关联回复。[0m
          [36m</p>[39m
        [36m</div>[39m
      [36m</aside>[39m
    [36m</div>[39m
  [36m</div>[39m
[36m</body>[39m

Ignored nodes: comments, script, style
[36m<html>[39m
  [36m<head />[39m
  [36m<body[39m
    [33mstyle[39m=[32m""[39m
  [36m>[39m
    [36m<div>[39m
      [36m<header[39m
        [33mclass[39m=[32m"page-heading"[39m
      [36m>[39m
        [36m<div>[39m
          [36m<h1[39m
            [33mtabindex[39m=[32m"-1"[39m
          [36m>[39m
            [0m跟进记录[0m
          [36m</h1>[39m
        [36m</div>[39m
      [36m</header>[39m
      [36m<div[39m
        [33mclass[39m=[32m"tabs"[39m
        [33mrole[39m=[32m"tablist"[39m
      [36m>[39m
        [36m<button[39m
          [33maria-selected[39m=[32m"true"[39m
          [33mclass[39m=[32m"active"[39m
          [33mrole[39m=[32m"tab"[39m
          [33mtabindex[39m=[32m"0"[39m
          [33mtype[39m=[32m"button"[39m
        [36m>[39m
          [0m待跟进[0m
        [36m</button>[39m
        [36m<button[39m
          [33maria-selected[39m=[32m"false"[39m
          [33mclass[39m=[32m""[39m
          [33mrole[39m=[32m"tab"[39m
          [33mtabindex[39m=[32m"-1"[39m
          [33mtype[39m=[32m"button"[39m
        [36m>[39m
          [0m回复记录[0m
        [36m</button>[39m
        [36m<button[39m
          [33maria-selected[39m=[32m"false"[39m
          [33mclass[39m=[32m""[39m
          [33mrole[39m=[32m"tab"[39m
          [33mtabindex[39m=[32m"-1"[39m
          [33mtype[39m=[32m"button"[39m
        [36m>[39m
          [0m全部[0m
        [36m</button>[39m
      [36m</div>[39m
      [36m<div[39m
        [33mclass[39m=[32m"followup-layout"[39m
      [36m>[39m
        [36m<section>[39m
          [36m<div[39m
            [33mclass[39m=[32m"filter-bar"[39m
          [36m>[39m
            [36m<div[39m
              [33maria-labelledby[39m=[32m"_r_b_"[39m
              [33mclass[39m=[32m"field "[39m
              [33mrole[39m=[32m"group"[39m
            [36m>[39m
              [36m<div[39m
                [33mclass[39m=[32m"field-label"[39m
                [33mid[39m=[32m"_r_b_"[39m
              [36m>[39m
                [0m负责人[0m
              [36m</div>[39m
              [36m<select[39m
                [33maria-label[39m=[32m"筛选负责人"[39m
              [36m>[39m
                [36m<option[39m
                  [33mvalue[39m=[32m""[39m
                [36m>[39m
                  [0m全部[0m
                [36m</option>[39m
                [36m<option[39m
                  [33mvalue[39m=[32m"TEST-user"[39m
                [36m>[39m
                  [0mTEST成员[0m
                [36m</option>[39m
              [36m</select>[39m
            [36m</div>[39m
            [36m<div[39m
              [33maria-labelledby[39m=[32m"_r_c_"[39m
              [33mclass[39m=[32m"field "[39m
              [33mrole[39m=[32m"group"[39m
            [36m>[39m
              [36m<div[39m
                [33mclass[39m=[32m"field-label"[39m
                [33mid[39m=[32m"_r_c_"[39m
              [36m>[39m
                [0m日期[0m
              [36m</div>[39m
              [36m<input[39m
                [33maria-label[39m=[32m"筛选记录日期"[39m
                [33mtype[39m=[32m"date"[39m
                [33mvalue[39m=[32m""[39m
              [36m/>[39m
            [36m</div>[39m
            [36m<div[39m
              [33mclass[39m=[32m"followup-filter-actions"[39m
            [36m>[39m
              [36m<button[39m
                [33mclass[39m=[32m"button button-secondary "[39m
                [33mtype[39m=[32m"button"[39m
              [36m>[39m
                [0m刷新[0m
              [36m</button>[39m
              [36m<button[39m
                [33mclass[39m=[32m"button button-primary "[39m
                [33mtype[39m=[32m"button"[39m
              [36m>[39m
                [36m<svg[39m
                  [33mfill[39m=[32m"currentColor"[39m
                  [33mheight[39m=[32m"1em"[39m
                  [33mviewBox[39m=[32m"0 0 256 256"[39m
                  [33mwidth[39m=[32m"1em"[39m
                  [33mxmlns[39m=[32m"http://www.w3.org/2000/svg"[39m
                [36m>[39m
                  [36m<path[39m
                    [33md[39m=[32m"M224,128a8,8,0,0,1-8,8H136v80a8,8,0,0,1-16,0V136H40a8,8,0,0,1,0-16h80V40a8,8,0,0,1,16,0v80h80A8,8,0,0,1,224,128Z"[39m
                  [36m/>[39m
                [36m</svg>[39m
                [0m添加跟进[0m
              [36m</button>[39m
            [36m</div>[39m
          [36m</div>[39m
          [36m<div[39m
            [33mclass[39m=[32m"table-wrap"[39m
          [36m>[39m
            [36m<table[39m
              [33mclass[39m=[32m"data-table"[39m
            [36m>[39m
              [36m<thead>[39m
                [36m<tr>[39m
                  [36m<th>[39m
                    [0m商机[0m
                  [36m</th>[39m
                  [36m<th>[39m
                    [0m最近联系[0m
                  [36m</th>[39m
                  [36m<th>[39m
                    [0m客户回复[0m
                  [36m</th>[39m
                  [36m<th>[39m
                    [0m下次跟进[0m
                  [36m</th>[39m
                  [36m<th>[39m
                    [0m负责人[0m
                  [36m</th>[39m
                [36m</tr>[39m
              [36m</thead>[39m
              [36m<tbody>[39m
                [36m<tr[39m
                  [33mclass[39m=[32m""[39m
                [36m>[39m
                  [36m<td>[39m
                    [36m<button[39m
                      [33mclass[39m=[32m"button button-ghost "[39m
                      [33mtype[39m=[32m"button"[39m
                    [36m>[39m
                      [0mTEST空间A记录[0m
                    [36m</button>[39m
                    [36m<small>[39m
                      [0m已联系[0m
                    [36m</small>[39m
                  [36m</td>[39m
                  [36m<td>[39m
                    [36m<span>[39m
                      [0m未填写[0m
                    [36m</span>[39m
                    [36m<small>[39m
                      [0m登记 [0m
                      [0m2026/9/9 17:00:00[0m
                    [36m</small>[39m
                  [36m</td>[39m
                  [36m<td>[39m
                    [0m—[0m
                  [36m</td>[39m
                  [36m<td>[39m
                    [0m2030/1/1 17:00:00[0m
                  [36m</td>[39m
                  [36m<td>[39m
                    [0mTEST成员[0m
                  [36m</td>[39m
                [36m</tr>[39m
              [36m</tbody>[39m
            [36m</table>[39m
          [36m</div>[39m
        [36m</section>[39m
        [36m<aside[39m
          [33mclass[39m=[32m"related-replies"[39m
        [36m>[39m
          [36m<div[39m
            [33mclass[39m=[32m"followup-selection"[39m
          [36m>[39m
            [36m<h2>[39m
              [0m关联回复[0m
            [36m</h2>[39m
            [36m<button[39m
              [33mclass[39m=[32m"button button-ghost "[39m
              [33mtype[39m=[32m"button"[39m
            [36m>[39m
              [0m刷新回复[0m
            [36m</button>[39m
          [36m</div>[39m
          [36m<div[39m
            [33mclass[39m=[32m"tabs"[39m
            [33mrole[39m=[32m"tablist"[39m
          [36m>[39m
            [36m<button[39m
              [33maria-selected[39m=[32m"true"[39m
              [33mclass[39m=[32m"active"[39m
              [33mrole[39m=[32m"tab"[39m
              [33mtabindex[39m=[32m"0"[39m
              [33mtype[39m=[32m"button"[39m
            [36m>[39m
              [0m通道回复[0m
            [36m</button>[39m
            [36m<button[39m
              [33maria-selected[39m=[32m"false"[39m
              [33mclass[39m=[32m""[39m
              [33mrole[39m=[32m"tab"[39m
              [33mtabindex[39m=[32m"-1"[39m
              [33mtype[39m=[32m"button"[39m
            [36m>[39m
              [0m人工登记[0m
            [36m</button>[39m
          [36m</div>[39m
          [36m<div[39m
            [33mclass[39m=[32m"empty-state"[39m
          [36m>[39m
            [36m<svg[39m
              [33maria-hidden[39m=[32m"true"[39m
              [33mclass[39m=[32m"empty-icon"[39m
              [33mfill[39m=[32m"currentColor"[39m
              [33mheight[39m=[32m"56"[39m
              [33mviewBox[39m=[32m"0 0 256 256"[39m
              [33mwidth[39m=[32m"56"[39m
              [33mxmlns[39m=[32m"http://www.w3.org/2000/svg"[39m
            [36m>[39m
              [36m<path[39m
                [33md[39m=[32m"M208,88H152V32Z"[39m
                [33mopacity[39m=[32m"0.2"[39m
              [36m/>[39m
              [36m<path[39m
                [33md[39m=[32m"M213.66,82.34l-56-56A8,8,0,0,0,152,24H56A16,16,0,0,0,40,40V216a16,16,0,0,0,16,16H200a16,16,0,0,0,16-16V88A8,8,0,0,0,213.66,82.34ZM160,51.31,188.69,80H160ZM200,216H56V40h88V88a8,8,0,0,0,8,8h48V216Zm-45.54-48.85a36.05,36.05,0,1,0-11.31,11.31l11.19,11.2a8,8,0,0,0,11.32-11.32ZM104,148a20,20,0,1,1,20,20A20,20,0,0,1,104,148Z"[39m
              [36m/>[39m
            [36m</svg>[39m
            [36m<h3>[39m
              [0m暂无未匹配回复[0m
            [36m</h3>[39m
            [36m<p>[39m
              [0m选择跟进记录查看关联回复。[0m
            [36m</p>[39m
          [36m</div>[39m
        [36m</aside>[39m
      [36m</div>[39m
    [36m</div>[39m
  [36m</body>[39m
[36m</html>[39m
 ❯ Proxy.waitForWrapper node_modules/@testing-library/dom/dist/wait-for.js:163:27
 ❯ tests/ui/followup-scope.test.tsx:301:9
    299|   fireEvent.click(screen.getByRole('button',{name:'核对原跟进操作'}));
    300|   await waitFor(()=>expect(context.service.followup!.operation).toHave…
    301|   await waitFor(()=>expect(screen.getByRole('button',{name:'核对原跟进操作'})…
       |         ^
    302|   expect(screen.getByRole('button',{name:'核对原跟进操作'})).toBeTruthy();
    303|   fault.mockRestore();

⎯⎯⎯⎯⎯⎯⎯⎯⎯⎯⎯⎯⎯⎯⎯⎯⎯⎯⎯⎯⎯⎯⎯⎯[2/2]⎯


 Test Files  1 failed (1)
      Tests  2 failed | 8 skipped (10)
   Start at  02:31:41
   Duration  2.41s (transform 176ms, setup 0ms, import 844ms, tests 1.25s, environment 243ms)

