{
  "archive": "/tmp/yike-session-content-release-b8b8236/desktop/out/意客AI-darwin-arm64/意客AI.app/Contents/Resources/app.asar",
  "version": "0.2.0",
  "main": ".vite/build/main.cjs",
  "rendererAssetCount": 37,
  "archiveSha256": "f2cd0342c969ee19005041558fd91eccb4f79bb00735d4d8c51b09023daa5778",
  "rendererHashes": {
    "index.html": "a3b00bb676bdf0bd046ed2e489ee89696cab97714333b4351c448917c0f6e043",
    "assets/ArrowRight.es-DIQ5cz1w.js": "5fd1cc22b632996f42da59f4b68f8798c489fdbe44a7c533da2dc6e49e311455",
    "assets/ArrowSquareOut.es-lonM0rRo.js": "46476404f2bb382fedb849f2a4b7a733a5106aec9d0a0abd43fde2c6f891e787",
    "assets/PendingTaskStarts-BqiSuAXA.css": "5f39cd34d2b924261f06748eb2034c6e93e5b58747fdac1bd21476aa6bcc58ab",
    "assets/PendingTaskStarts-oE9kKobC.js": "07f1589f31217445b7424e13e4172c15b0e0f05a234c8bc16702bb975a3568af",
    "assets/Platform-Bg87mlWE.js": "30ea5098dfe6d18f35afd125657b5473ad13404c3e1c160aa8a3ec3996e1394e",
    "assets/Platform-DHJI-W19.css": "799e34322d6d86a2e7c1c266fd00dfd3c2d4df34dbdaea13c21408bce5b8d237",
    "assets/xiaohongshu-CwpQmenZ.png": "2912c4df1ab479d734ef132e9c45b4f17afa80b2aa3eaf4438acd54afc70b20a",
    "assets/douyin-FBAm5jUt.ico": "e67348e3ab54fa207e1ce4be78e8399d1b73a794d819a17d8656ea2b17a1109d",
    "assets/bilibili-B4f0lnyN.ico": "2681561eb24e7435fea1acf26f3af95e4efc9f7d451587b58bef62f030f337e9",
    "assets/zhihu-OfkkMzms.ico": "ca501e1d6c35f64b94d78bbabad986fe888d6aab08702a0083ba88076ad60f37",
    "assets/Plus.es-D8CD3ZB4.js": "3c2687e9a48b26c388db7ac0c56f6960b59af370015587232e905a1473563c74",
    "assets/TermEditor-QZVfZubU.js": "02a38cc447b139dece6bac634b5dcb27deaef09280289f952dc79653d5355825",
    "assets/download-B-uQR4Il.js": "84173e7ed2ce3ce04d8ad08f61615dc957002d112a156ccfe73fcf86352cafb1",
    "assets/operationLedger-6mR-HeSQ.js": "51cd18c74728e86f792a981cd9f5e7fe5866121b1f17dc3310c982e619d830b8",
    "assets/taskDraft-BeddGzVC.js": "f6ea2be9f490f184539a0927a2fb76d737398bd7dc653440688b606fa33cd691",
    "assets/logo-B-T1ksKV.png": "b4f4bade37c5806f618c243af90747b7596f2b248d739eaa3130378f1a4f7595",
    "assets/index-BQbw4mY0.js": "0cfccd6c738ed638c7150370813ff632c49bfbd15778531ba9c25fb7004eec9f",
    "assets/index-BHVrdGRX.css": "a997b32d7add2b26062ce6cdf484bbd1653706a4204e7cfe200c49104f5b97e0",
    "assets/Connections-Dm1HVoZk.js": "8910ae064d7a9f08142b54f4f9a7ab475b4774c1589cc4d4b1833ac9eaf2a163",
    "assets/Followups-BpdJipsW.js": "9be788c124f26b605bf155ba355bc3063204dca45842d8331ba9429e7913116a",
    "assets/Followups-BEcgu2i8.css": "13cff2b01f5ef277c4ed616a8792852d4f9406a4bf84876f8add30b65c06bdd2",
    "assets/Login-Cc8EHzRi.js": "a1db8289807e8ae5551e49f05a53fa80018f6e8cf8a52d9f1d09091ca928f5bd",
    "assets/Opportunities-DXGQi7kj.js": "705addeadae13c569f7fd028e7c2f74994f43d209c9a9282393b94422010a0eb",
    "assets/Opportunities-DcLfveqg.css": "67d025e8b82bedb37cbe6a65a368743328f729e2f0c12c162e3691534ec41650",
    "assets/Outreach-CHa5Ieck.js": "ad0889ce1a22cc47e3424e6aceb38a15b2ba2131fc33884666f926697ba12395",
    "assets/Outreach-BdvfCDuK.css": "526139ba52f75c49594bf2cc23f1583bf846b93936df1cbe142864e8c58b317a",
    "assets/OutreachQueue-DYkkN2yJ.js": "a7f134b608a6d12f129d76a701a00f82767a42e012dcd2b3bac4f0bac759169a",
    "assets/Profile-ok7ypetd.js": "2724ff52663001b72b008bb2fa898c7c963a70ab48f8f38a8c39160c972d8b57",
    "assets/Profile-BQAZSynW.css": "843f619904ff239bfabe87535dea20901d4dd9461d9b1a4696514370d754ff55",
    "assets/Settings-PD1uQInr.js": "300f275a45bbfb8d0c264521bb0526697325af340ab7c85e69458247928333f8",
    "assets/TaskWizard-BGLVFWev.js": "85c20362a55ba8ea496581dc7eb41c26730b9b9f1c40d0466acfa62906be16bf",
    "assets/TaskWizard-D7TM1lBJ.css": "d03b6b23d487dbef3a915da0e567c836b84ac169593ecc3b2f645c10e327a613",
    "assets/Tasks-UIBhsyTl.js": "4116a24de66e0543aad6de220efcb42eec3670659dff18b73102a1e9bace6441",
    "assets/Tasks-D_VHXXEg.css": "e25ef659745e2a3ebc0a411f96a8bca9386e4662bf21ad1e6c62d461cf15d388",
    "assets/Workbench-DdEYEUrP.js": "64003a1c2c4c43e01fdfebb696cfbfa93d7876778fdbc013c4d9b73c0d6c6632",
    "assets/Workbench-BBPw0GCx.css": "f4d255f7902c11054536d3bc2ecd3c19e767f64915c94d79acfce1a883aef6ba"
  },
  "verified": "Package structure and bytes only; does not prove installation or business readiness."
}
