
 RUN  v4.1.11 /Users/bruce/Developer/work/yike-ai-product-design/desktop

 ❯ tests/ui/session-draft-exit.test.tsx (15 tests | 3 failed) 31ms
     × protects materials.guest after its page unmounts 3ms
     × protects profile.guest after its page unmounts 1ms
     × protects contact:user:opp after its page unmounts 1ms

⎯⎯⎯⎯⎯⎯⎯ Failed Tests 3 ⎯⎯⎯⎯⎯⎯⎯

 FAIL  tests/ui/session-draft-exit.test.tsx > window exit protects business content outside tasks > protects materials.guest after its page unmounts
 FAIL  tests/ui/session-draft-exit.test.tsx > window exit protects business content outside tasks > protects profile.guest after its page unmounts
 FAIL  tests/ui/session-draft-exit.test.tsx > window exit protects business content outside tasks > protects contact:user:opp after its page unmounts
AssertionError: expected false to be true // Object.is equality

- Expected
+ Received

- true
+ false

 ❯ tests/ui/session-draft-exit.test.tsx:107:22
    105|     draft.unmount();
    106|     expect(hasUnsavedChanges()).toBe(false);
    107|     expect(unload()).toBe(true);
       |                      ^
    108|     act(() => clearLocalDrafts());
    109|     expect(unload()).toBe(false);

⎯⎯⎯⎯⎯⎯⎯⎯⎯⎯⎯⎯⎯⎯⎯⎯⎯⎯⎯⎯⎯⎯⎯⎯[1/3]⎯


 Test Files  1 failed | 1 passed (2)
      Tests  3 failed | 30 passed (33)
   Start at  07:24:55
   Duration  532ms (transform 70ms, setup 0ms, import 172ms, tests 167ms, environment 502ms)

